// Jest Snapshot v1, https://goo.gl/fbAQLP

exports[`routerReducer should return initial state en no previous state 1`] = `
Object {
  "path": undefined,
  "prev": undefined,
  "route": Object {
    "component": undefined,
    "path": undefined,
  },
}
`;
